// Jest Snapshot v1, https://goo.gl/fbAQLP

exports[`Project render() should render NotFound if no matching organization 1`] = `
<div
  className="onboarding-info"
>
  <h2>
    Choose a language or framework
  </h2>
  <PlatformPicker
    location={
      Object {
        "query": Object {},
      }
    }
    params={
      Object {
        "orgId": "my-cool-org",
      }
    }
  />
  <div
    className="project-name client-platform"
  >
    <h4>
       Give your project a name:
    </h4>
    <PlatformiconTile />
    <input
      label="Project Name"
      name="name"
      onChange={[Function]}
      placeholder="project name"
      type="text"
    />
    <div
      className="btn btn-primary pull-right"
      onClick={[Function]}
    >
      Continue
    </div>
  </div>
</div>
`;
